
> my-site@0.1.0 build
> next build

▲ Next.js 16.1.0 (Turbopack)

  Creating an optimized production build ...
node.exe : 
At line:1 char:1
+ & "C:\Program 
Files\nodejs/node.exe" 
"C:\Program 
Files\nodejs/node_mo ...
+ ~~~~~~~~~~~~~~~~~~~~~~~
~~~~~~~~~~~~~~~~~~~~~~~~~
~~~~~~~~~~~~~~~~~~~~~
    + CategoryInfo       
       : NotSpecified    
: (:String) [], Rem    
oteException
    + FullyQualifiedErr  
  orId : NativeComman    
dError
 
> Build error occurred
Error: Turbopack build 
failed with 5 errors:
./app/globals.css
Error evaluating Node.js 
code
CssSyntaxError: D:\VISUAL
STUDIOCODE\MyPortfolio_Do
CongMinh\my-site\app\glob
als.css:1:1: The 
`border-border` class 
does not exist. If 
`border-border` is a 
custom class, make sure 
it is defined within a 
`@layer` directive.
    at Input.error (node_
modules/postcss/lib/input
.js:135:16) [D:\VISUALSTU
DIOCODE\MyPortfolio_DoCon
gMinh\my-site\.next\build
\chunks\node_modules_fe69
3df6._.js:4651:22]
    at AtRule.error (node
_modules/postcss/lib/node
.js:146:32) [D:\VISUALSTU
DIOCODE\MyPortfolio_DoCon
gMinh\my-site\.next\build
\chunks\node_modules_fe69
3df6._.js:928:38]
    [at processApply (D:\
VISUALSTUDIOCODE\MyPortfo
lio_DoCongMinh\my-site\no
de_modules\tailwindcss\li
b\lib\expandApplyAtRules.
js:380:29)]
    [at D:\VISUALSTUDIOCO
DE\MyPortfolio_DoCongMinh
\my-site\node_modules\tai
lwindcss\lib\lib\expandAp
plyAtRules.js:551:9]
    [at D:\VISUALSTUDIOCO
DE\MyPortfolio_DoCongMinh
\my-site\node_modules\tai
lwindcss\lib\processTailw
indFeatures.js:55:50]
    [at async plugins (D:
\VISUALSTUDIOCODE\MyPortf
olio_DoCongMinh\my-site\n
ode_modules\tailwindcss\l
ib\plugin.js:38:17)]
    at async 
LazyResult.runAsync (node
_modules/postcss/lib/lazy
-result.js:293:11) [D:\VI
SUALSTUDIOCODE\MyPortfoli
o_DoCongMinh\my-site\.nex
t\build\chunks\node_modul
es_fe693df6._.js:6206:21]
    at async transform (t
urbopack:///[turbopack-no
de]/transforms/postcss.ts
:70:34) [D:\VISUALSTUDIOC
ODE\MyPortfolio_DoCongMin
h\my-site\.next\build\chu
nks\[root-of-the-server]_
_51225daf._.js:147:36]
    at async run (turbopa
ck:///[turbopack-node]/ip
c/evaluate.ts:92:23) [D:\
VISUALSTUDIOCODE\MyPortfo
lio_DoCongMinh\my-site\.n
ext\build\chunks\[root-of
-the-server]__974941ed._.
js:443:31]

Import trace:
  Client Component 
Browser:
    ./app/globals.css 
[Client Component 
Browser]
    ./app/layout.tsx 
[Server Component]


./components/ui/bento-gri
d.tsx:5:1
Module not found: Can't 
resolve '../MagicButton'
[0m [90m 3 |[39m 
[36mimport[39m { 
useState } 
[36mfrom[39m [32m"reac
t"[39m[33m;[39m
 [90m 4 |[39m 
[36mimport[39m { 
[33mIoCopyOutline[39m 
} [36mfrom[39m [32m"re
act-icons/io5"[39m[33m;
[39m
[31m[1m>[22m[39m[90m
 5 |[39m 
[36mimport[39m 
[33mMagicButton[39m 
[36mfrom[39m [32m"../M
agicButton"[39m[33m;[3
9m
 [90m   |[39m [31m[1m
^[22m[39m[31m[1m^[22
m[39m[31m[1m^[22m[39
m[31m[1m^[22m[39m[31
m[1m^[22m[39m[31m[1m
^[22m[39m[31m[1m^[22
m[39m[31m[1m^[22m[39
m[31m[1m^[22m[39m[31
m[1m^[22m[39m[31m[1m
^[22m[39m[31m[1m^[22
m[39m[31m[1m^[22m[39
m[31m[1m^[22m[39m[31
m[1m^[22m[39m[31m[1m
^[22m[39m[31m[1m^[22
m[39m[31m[1m^[22m[39
m[31m[1m^[22m[39m[31
m[1m^[22m[39m[31m[1m
^[22m[39m[31m[1m^[22
m[39m[31m[1m^[22m[39
m[31m[1m^[22m[39m[31
m[1m^[22m[39m[31m[1m
^[22m[39m[31m[1m^[22
m[39m[31m[1m^[22m[39
m[31m[1m^[22m[39m[31
m[1m^[22m[39m[31m[1m
^[22m[39m[31m[1m^[22
m[39m[31m[1m^[22m[39
m[31m[1m^[22m[39m[31
m[1m^[22m[39m[31m[1m
^[22m[39m[31m[1m^[22
m[39m[31m[1m^[22m[39
m[31m[1m^[22m[39m[31
m[1m^[22m[39m[31m[1m
^[22m[39m
 [90m 6 |[39m
 [90m 7 |[39m 
[36mexport[39m 
[36mconst[39m 
[33mBentoGrid[39m 
[33m=[39m ({
 [90m 8 |[39m     
className[33m,[39m[0m



Import trace:
  Server Component:
    ./components/ui/bento
-grid.tsx
    ./components/Grid.tsx
    ./app/page.tsx

https://nextjs.org/docs/m
essages/module-not-found


./app/page.tsx:6:1
Module not found: Can't 
resolve '@/components/ui/
floating-navbar'
[0m [90m 4 |[39m 
[36mimport[39m 
[33mExperience[39m 
[36mfrom[39m [32m"@/co
mponents/Experience"[39m
[33m;[39m [90m// Bạn 
cần tạo file này dựa 
trên code bước trước[39m
 [90m 5 |[39m 
[36mimport[39m { 
[33mFooter[39m } 
[36mfrom[39m [32m"@/co
mponents/layout/footer"[
39m[33m;[39m
[31m[1m>[22m[39m[90m
 6 |[39m 
[36mimport[39m { 
[33mFloatingNav[39m } 
[36mfrom[39m [32m"@/co
mponents/ui/floating-navb
ar"[39m[33m;[39m 
[90m// Navbar nổi[39m
 [90m   |[39m [31m[1m
^[22m[39m[31m[1m^[22
m[39m[31m[1m^[22m[39
m[31m[1m^[22m[39m[31
m[1m^[22m[39m[31m[1m
^[22m[39m[31m[1m^[22
m[39m[31m[1m^[22m[39
m[31m[1m^[22m[39m[31
m[1m^[22m[39m[31m[1m
^[22m[39m[31m[1m^[22
m[39m[31m[1m^[22m[39
m[31m[1m^[22m[39m[31
m[1m^[22m[39m[31m[1m
^[22m[39m[31m[1m^[22
m[39m[31m[1m^[22m[39
m[31m[1m^[22m[39m[31
m[1m^[22m[39m[31m[1m
^[22m[39m[31m[1m^[22
m[39m[31m[1m^[22m[39
m[31m[1m^[22m[39m[31
m[1m^[22m[39m[31m[1m
^[22m[39m[31m[1m^[22
m[39m[31m[1m^[22m[39
m[31m[1m^[22m[39m[31
m[1m^[22m[39m[31m[1m
^[22m[39m[31m[1m^[22
m[39m[31m[1m^[22m[39
m[31m[1m^[22m[39m[31
m[1m^[22m[39m[31m[1m
^[22m[39m[31m[1m^[22
m[39m[31m[1m^[22m[39
m[31m[1m^[22m[39m[31
m[1m^[22m[39m[31m[1m
^[22m[39m[31m[1m^[22
m[39m[31m[1m^[22m[39
m[31m[1m^[22m[39m[31
m[1m^[22m[39m[31m[1m
^[22m[39m[31m[1m^[22
m[39m[31m[1m^[22m[39
m[31m[1m^[22m[39m[31
m[1m^[22m[39m[31m[1m
^[22m[39m[31m[1m^[22
m[39m[31m[1m^[22m[39
m[31m[1m^[22m[39m[31
m[1m^[22m[39m[31m[1m
^[22m[39m[31m[1m^[22
m[39m[31m[1m^[22m[39
m[31m[1m^[22m[39m[31
m[1m^[22m[39m[31m[1m
^[22m[39m[31m[1m^[22
m[39m
 [90m 7 |[39m 
[36mimport[39m { 
navItems } 
[36mfrom[39m [32m"@/da
ta"[39m[33m;[39m
 [90m 8 |[39m
 [90m 9 |[39m 
[36mexport[39m 
[36mdefault[39m 
[36mfunction[39m 
[33mHome[39m() {[0m

Import map: aliased to 
relative './components/ui
/floating-navbar' inside 
of [project]/


https://nextjs.org/docs/m
essages/module-not-found


./components/Experience.t
sx:3:1
Export workExperience 
doesn't exist in target 
module
[0m [90m 1 |[39m 
[32m"use 
client"[39m[33m;[39m
 [90m 2 |[39m 
[36mimport[39m 
[33mReact[39m 
[36mfrom[39m [32m"reac
t"[39m[33m;[39m
[31m[1m>[22m[39m[90m
 3 |[39m 
[36mimport[39m { 
workExperience } 
[36mfrom[39m [32m"@/da
ta"[39m[33m;[39m
 [90m   |[39m [31m[1m
^[22m[39m[31m[1m^[22
m[39m[31m[1m^[22m[39
m[31m[1m^[22m[39m[31
m[1m^[22m[39m[31m[1m
^[22m[39m[31m[1m^[22
m[39m[31m[1m^[22m[39
m[31m[1m^[22m[39m[31
m[1m^[22m[39m[31m[1m
^[22m[39m[31m[1m^[22
m[39m[31m[1m^[22m[39
m[31m[1m^[22m[39m[31
m[1m^[22m[39m[31m[1m
^[22m[39m[31m[1m^[22
m[39m[31m[1m^[22m[39
m[31m[1m^[22m[39m[31
m[1m^[22m[39m[31m[1m
^[22m[39m[31m[1m^[22
m[39m[31m[1m^[22m[39
m[31m[1m^[22m[39m[31
m[1m^[22m[39m[31m[1m
^[22m[39m[31m[1m^[22
m[39m[31m[1m^[22m[39
m[31m[1m^[22m[39m[31
m[1m^[22m[39m[31m[1m
^[22m[39m[31m[1m^[22
m[39m[31m[1m^[22m[39
m[31m[1m^[22m[39m[31
m[1m^[22m[39m[31m[1m
^[22m[39m[31m[1m^[22
m[39m[31m[1m^[22m[39
m[31m[1m^[22m[39m[31
m[1m^[22m[39m
 [90m 4 |[39m 
[36mimport[39m { 
[33mButton[39m } 
[36mfrom[39m [32m"./ui
/moving-border"[39m[33m
;[39m [90m// Bạn cần 
component này (tôi sẽ 
cung cấp code bên dưới 
nếu thiếu)[39m
 [90m 5 |[39m
 [90m 6 |[39m 
[36mconst[39m 
[33mExperience[39m 
[33m=[39m () 
[33m=>[39m {[0m

The export 
workExperience was not 
found in module 
[project]/data/index.ts 
[app-client] 
(ecmascript).
Did you mean to import 
projects?
All exports of the 
module are statically 
known (It doesn't have 
dynamic exports). So 
it's known statically 
that the requested 
export doesn't exist.

Import trace:
  Server Component:
    ./components/Experien
ce.tsx
    ./app/page.tsx


./components/Experience.t
sx:3:1
Export workExperience 
doesn't exist in target 
module
[0m [90m 1 |[39m 
[32m"use 
client"[39m[33m;[39m
 [90m 2 |[39m 
[36mimport[39m 
[33mReact[39m 
[36mfrom[39m [32m"reac
t"[39m[33m;[39m
[31m[1m>[22m[39m[90m
 3 |[39m 
[36mimport[39m { 
workExperience } 
[36mfrom[39m [32m"@/da
ta"[39m[33m;[39m
 [90m   |[39m [31m[1m
^[22m[39m[31m[1m^[22
m[39m[31m[1m^[22m[39
m[31m[1m^[22m[39m[31
m[1m^[22m[39m[31m[1m
^[22m[39m[31m[1m^[22
m[39m[31m[1m^[22m[39
m[31m[1m^[22m[39m[31
m[1m^[22m[39m[31m[1m
^[22m[39m[31m[1m^[22
m[39m[31m[1m^[22m[39
m[31m[1m^[22m[39m[31
m[1m^[22m[39m[31m[1m
^[22m[39m[31m[1m^[22
m[39m[31m[1m^[22m[39
m[31m[1m^[22m[39m[31
m[1m^[22m[39m[31m[1m
^[22m[39m[31m[1m^[22
m[39m[31m[1m^[22m[39
m[31m[1m^[22m[39m[31
m[1m^[22m[39m[31m[1m
^[22m[39m[31m[1m^[22
m[39m[31m[1m^[22m[39
m[31m[1m^[22m[39m[31
m[1m^[22m[39m[31m[1m
^[22m[39m[31m[1m^[22
m[39m[31m[1m^[22m[39
m[31m[1m^[22m[39m[31
m[1m^[22m[39m[31m[1m
^[22m[39m[31m[1m^[22
m[39m[31m[1m^[22m[39
m[31m[1m^[22m[39m[31
m[1m^[22m[39m
 [90m 4 |[39m 
[36mimport[39m { 
[33mButton[39m } 
[36mfrom[39m [32m"./ui
/moving-border"[39m[33m
;[39m [90m// Bạn cần 
component này (tôi sẽ 
cung cấp code bên dưới 
nếu thiếu)[39m
 [90m 5 |[39m
 [90m 6 |[39m 
[36mconst[39m 
[33mExperience[39m 
[33m=[39m () 
[33m=>[39m {[0m

The export 
workExperience was not 
found in module 
[project]/data/index.ts 
[app-ssr] (ecmascript).
Did you mean to import 
projects?
All exports of the 
module are statically 
known (It doesn't have 
dynamic exports). So 
it's known statically 
that the requested 
export doesn't exist.

Import trace:
  Server Component:
    ./components/Experien
ce.tsx
    ./app/page.tsx


    at async transform (t
urbopack:///[turbopack-no
de]/transforms/postcss.ts
:70:34) [D:\VISUALSTUDIOC
ODE\MyPortfolio_DoCongMin
h\my-site\.next\build\chu
nks\[root-of-the-server]_
_51225daf._.js:147:36])
    at async run (turbopa
ck:///[turbopack-node]/ip
c/evaluate.ts:92:23) [D:\
VISUALSTUDIOCODE\MyPortfo
lio_DoCongMinh\my-site\.n
ext\build\chunks\[root-of
-the-server]__974941ed._.
js:443:31])
    at <unknown> (./compo
nents/ui/bento-grid.tsx:5
:1)
    at <unknown> (https:/
/nextjs.org/docs/messages
/module-not-found)
    at <unknown> 
(./app/page.tsx:6:1)
    at <unknown> (https:/
/nextjs.org/docs/messages
/module-not-found)
    at <unknown> (./compo
nents/Experience.tsx:3:1)
    at <unknown> (./compo
nents/Experience.tsx:3:1)
