
> my-site@0.1.0 build
> next build

▲ Next.js 16.1.0 (Turbopack)

  Creating an optimized production build ...
node.exe : 
At line:1 char:1
+ & "C:\Program Files\
nodejs/node.exe" 
"C:\Program 
Files\nodejs/node_mo 
...
+ ~~~~~~~~~~~~~~~~~~~~
~~~~~~~~~~~~~~~~~~~~~~
~~~~~~~~~~~~~~~~~~~~~~
~~~~~
    + CategoryInfo    
          : NotSpeci  
  fied: (:String) [   
 ], RemoteExceptio    
n
    + FullyQualifiedE 
   rrorId : NativeCo  
  mmandError
 
> Build error occurred
Error: Turbopack 
build failed with 4 
errors:
./app/globals.css
Error evaluating 
Node.js code
CssSyntaxError: D:\VIS
UALSTUDIOCODE\MyPortfo
lio_DoCongMinh\my-site
\app\globals.css:33:1:
 `@layer utilities` 
is used but no 
matching `@tailwind 
utilities` directive 
is present.
    at Input.error (no
de_modules/postcss/lib
/input.js:135:16) [D:\
VISUALSTUDIOCODE\MyPor
tfolio_DoCongMinh\my-s
ite\.next\build\chunks
\node_modules_fe693df6
._.js:4651:22]
    at AtRule.error (n
ode_modules/postcss/li
b/node.js:146:32) [D:\
VISUALSTUDIOCODE\MyPor
tfolio_DoCongMinh\my-s
ite\.next\build\chunks
\node_modules_fe693df6
._.js:928:38]
    [at normalizeTailw
indDirectives (D:\VISU
ALSTUDIOCODE\MyPortfol
io_DoCongMinh\my-site\
node_modules\tailwindc
ss\lib\lib\normalizeTa
ilwindDirectives.js:72
:32)]
    [at D:\VISUALSTUDI
OCODE\MyPortfolio_DoCo
ngMinh\my-site\node_mo
dules\tailwindcss\lib\
processTailwindFeature
s.js:29:98]
    [at plugins (D:\VI
SUALSTUDIOCODE\MyPortf
olio_DoCongMinh\my-sit
e\node_modules\tailwin
dcss\lib\plugin.js:38:
69)]
    at 
LazyResult.runOnRoot (
node_modules/postcss/l
ib/lazy-result.js:361:
16) [D:\VISUALSTUDIOCO
DE\MyPortfolio_DoCongM
inh\my-site\.next\buil
d\chunks\node_modules_
fe693df6._.js:6264:24]
    at 
LazyResult.runAsync (n
ode_modules/postcss/li
b/lazy-result.js:290:2
6) [D:\VISUALSTUDIOCOD
E\MyPortfolio_DoCongMi
nh\my-site\.next\build
\chunks\node_modules_f
e693df6._.js:6203:32]
    at 
LazyResult.async (node
_modules/postcss/lib/l
azy-result.js:192:30) 
[D:\VISUALSTUDIOCODE\M
yPortfolio_DoCongMinh\
my-site\.next\build\ch
unks\node_modules_fe69
3df6._.js:6135:36]
    at 
LazyResult.then (node_
modules/postcss/lib/la
zy-result.js:436:17) [
D:\VISUALSTUDIOCODE\My
Portfolio_DoCongMinh\m
y-site\.next\build\chu
nks\node_modules_fe693
df6._.js:6321:21]
    [at process.proces
sTicksAndRejections (n
ode:internal/process/t
ask_queues:105:5)]

Import trace:
  Client Component 
Browser:
    ./app/globals.css 
[Client Component 
Browser]
    ./app/layout.tsx 
[Server Component]


./app/layout.tsx:2:33
Module not found: 
Can't resolve '@/compo
nents/layout/navbar'
[0m [90m 1 |[39m 
﻿[36mimport[39m { 
[33mInter[39m } 
[36mfrom[39m [32m"n
ext/font/google"[39m
[33m;[39m
[31m[1m>[22m[39m[
90m 2 |[39m 
[36mimport[39m { cn 
} [36mfrom[39m [32m
"@/lib/utils"[39m[33
m;[39m
 [90m   |[39m       
                      
    
[31m[1m^[22m[39m
[31m[1m>[22m[39m[
90m 3 |[39m 
[36mimport[39m { 
[33mNavbar[39m } 
[36mfrom[39m [32m"@
/components/layout/nav
bar"[39m[33m;[39m
 [90m   |[39m [31m
[1m^[22m[39m[31m[1
m^[22m[39m[31m[1m^
[22m[39m[31m[1m^[
22m[39m[31m[1m^[22
m[39m[31m[1m^[22m
[39m[31m[1m^[22m[3
9m[31m[1m^[22m[39m
[31m[1m^[22m[39m[
31m[1m^[22m[39m[31
m[1m^[22m[39m[31m
[1m^[22m[39m[31m[1
m^[22m[39m[31m[1m^
[22m[39m[31m[1m^[
22m[39m[31m[1m^[22
m[39m[31m[1m^[22m
[39m[31m[1m^[22m[3
9m[31m[1m^[22m[39m
[31m[1m^[22m[39m[
31m[1m^[22m[39m[31
m[1m^[22m[39m[31m
[1m^[22m[39m[31m[1
m^[22m[39m[31m[1m^
[22m[39m[31m[1m^[
22m[39m[31m[1m^[22
m[39m[31m[1m^[22m
[39m[31m[1m^[22m[3
9m[31m[1m^[22m[39m
[31m[1m^[22m[39m[
31m[1m^[22m[39m[31
m[1m^[22m[39m[31m
[1m^[22m[39m[31m[1
m^[22m[39m[31m[1m^
[22m[39m[31m[1m^[
22m[39m[31m[1m^[22
m[39m[31m[1m^[22m
[39m[31m[1m^[22m[3
9m[31m[1m^[22m[39m
[31m[1m^[22m[39m[
31m[1m^[22m[39m[31
m[1m^[22m[39m[31m
[1m^[22m[39m[31m[1
m^[22m[39m[31m[1m^
[22m[39m[31m[1m^[
22m[39m[31m[1m^[22
m[39m[31m[1m^[22m
[39m
 [90m 4 |[39m 
[36mimport[39m { 
[33mFooter[39m } 
[36mfrom[39m [32m"@
/components/layout/foo
ter"[39m[33m;[39m
 [90m 5 |[39m 
[36mimport[39m [32m
"./globals.css"[39m[
33m;[39m
 [90m 6 |[39m[0m

Import map: aliased 
to relative './compone
nts/layout/navbar' 
inside of [project]/


https://nextjs.org/doc
s/messages/module-not-
found


./components/sections/
featured-projects.tsx:
1:1
Module not found: 
Can't resolve '@/compo
nents/ui/project-card'
[0m[31m[1m>[22m[3
9m[90m 1 |[39m 
[36mimport[39m { 
[33mProjectCard[39m 
} [36mfrom[39m [32m
"@/components/ui/proje
ct-card"[39m[33m;[3
9m
 [90m   |[39m [31m
[1m^[22m[39m[31m[1
m^[22m[39m[31m[1m^
[22m[39m[31m[1m^[
22m[39m[31m[1m^[22
m[39m[31m[1m^[22m
[39m[31m[1m^[22m[3
9m[31m[1m^[22m[39m
[31m[1m^[22m[39m[
31m[1m^[22m[39m[31
m[1m^[22m[39m[31m
[1m^[22m[39m[31m[1
m^[22m[39m[31m[1m^
[22m[39m[31m[1m^[
22m[39m[31m[1m^[22
m[39m[31m[1m^[22m
[39m[31m[1m^[22m[3
9m[31m[1m^[22m[39m
[31m[1m^[22m[39m[
31m[1m^[22m[39m[31
m[1m^[22m[39m[31m
[1m^[22m[39m[31m[1
m^[22m[39m[31m[1m^
[22m[39m[31m[1m^[
22m[39m[31m[1m^[22
m[39m[31m[1m^[22m
[39m[31m[1m^[22m[3
9m[31m[1m^[22m[39m
[31m[1m^[22m[39m[
31m[1m^[22m[39m[31
m[1m^[22m[39m[31m
[1m^[22m[39m[31m[1
m^[22m[39m[31m[1m^
[22m[39m[31m[1m^[
22m[39m[31m[1m^[22
m[39m[31m[1m^[22m
[39m[31m[1m^[22m[3
9m[31m[1m^[22m[39m
[31m[1m^[22m[39m[
31m[1m^[22m[39m[31
m[1m^[22m[39m[31m
[1m^[22m[39m[31m[1
m^[22m[39m[31m[1m^
[22m[39m[31m[1m^[
22m[39m[31m[1m^[22
m[39m[31m[1m^[22m
[39m[31m[1m^[22m[3
9m[31m[1m^[22m[39m
[31m[1m^[22m[39m[
31m[1m^[22m[39m[31
m[1m^[22m[39m[31m
[1m^[22m[39m[31m[1
m^[22m[39m[31m[1m^
[22m[39m[31m[1m^[
22m[39m
 [90m 2 |[39m 
[36mimport[39m { 
getFeaturedProjects } 
[36mfrom[39m [32m"@
/features/projects/pro
jects.service"[39m[3
3m;[39m
 [90m 3 |[39m
 [90m 4 |[39m 
[36mexport[39m 
[36mfunction[39m [3
3mFeaturedProjects[39
m() {[0m

Import map: aliased 
to relative './compone
nts/ui/project-card' 
inside of [project]/


Import trace:
  Server Component:
    ./components/secti
ons/featured-projects.
tsx
    ./app/(public)/pag
e.tsx

https://nextjs.org/doc
s/messages/module-not-
found


./components/sections/
hero.tsx:6:1
Module not found: 
Can't resolve '@/compo
nents/ui/scroll-reveal
'
[0m [90m 4 |[39m 
[36mimport[39m { 
siteConfig } 
[36mfrom[39m [32m"@
/features/site/site.co
nfig"[39m[33m;[39m
 [90m 5 |[39m 
[36mimport[39m { [3
3mArrowUpRight[39m } 
[36mfrom[39m [32m"l
ucide-react"[39m[33m
;[39m
[31m[1m>[22m[39m[
90m 6 |[39m 
[36mimport[39m { [3
3mScrollReveal[39m } 
[36mfrom[39m [32m"@
/components/ui/scroll-
reveal"[39m[33m;[39
m
 [90m   |[39m [31m
[1m^[22m[39m[31m[1
m^[22m[39m[31m[1m^
[22m[39m[31m[1m^[
22m[39m[31m[1m^[22
m[39m[31m[1m^[22m
[39m[31m[1m^[22m[3
9m[31m[1m^[22m[39m
[31m[1m^[22m[39m[
31m[1m^[22m[39m[31
m[1m^[22m[39m[31m
[1m^[22m[39m[31m[1
m^[22m[39m[31m[1m^
[22m[39m[31m[1m^[
22m[39m[31m[1m^[22
m[39m[31m[1m^[22m
[39m[31m[1m^[22m[3
9m[31m[1m^[22m[39m
[31m[1m^[22m[39m[
31m[1m^[22m[39m[31
m[1m^[22m[39m[31m
[1m^[22m[39m[31m[1
m^[22m[39m[31m[1m^
[22m[39m[31m[1m^[
22m[39m[31m[1m^[22
m[39m[31m[1m^[22m
[39m[31m[1m^[22m[3
9m[31m[1m^[22m[39m
[31m[1m^[22m[39m[
31m[1m^[22m[39m[31
m[1m^[22m[39m[31m
[1m^[22m[39m[31m[1
m^[22m[39m[31m[1m^
[22m[39m[31m[1m^[
22m[39m[31m[1m^[22
m[39m[31m[1m^[22m
[39m[31m[1m^[22m[3
9m[31m[1m^[22m[39m
[31m[1m^[22m[39m[
31m[1m^[22m[39m[31
m[1m^[22m[39m[31m
[1m^[22m[39m[31m[1
m^[22m[39m[31m[1m^
[22m[39m[31m[1m^[
22m[39m[31m[1m^[22
m[39m[31m[1m^[22m
[39m[31m[1m^[22m[3
9m[31m[1m^[22m[39m
[31m[1m^[22m[39m[
31m[1m^[22m[39m[31
m[1m^[22m[39m[31m
[1m^[22m[39m[31m[1
m^[22m[39m[31m[1m^
[22m[39m[31m[1m^[
22m[39m[31m[1m^[22
m[39m[31m[1m^[22m
[39m
 [90m 7 |[39m
 [90m 8 |[39m 
[36mexport[39m 
[36mfunction[39m 
[33mHero[39m() {
 [90m 9 |[39m     
[36mreturn[39m ([0m

Import map: aliased 
to relative './compone
nts/ui/scroll-reveal' 
inside of [project]/


Import trace:
  Server Component:
    ./components/secti
ons/hero.tsx
    ./app/(public)/pag
e.tsx

https://nextjs.org/doc
s/messages/module-not-
found


    at <unknown> (./ap
p/layout.tsx:2:33)
    at <unknown> (http
s://nextjs.org/docs/me
ssages/module-not-foun
d)
    at <unknown> (./co
mponents/sections/feat
ured-projects.tsx:1:1)
    at <unknown> (http
s://nextjs.org/docs/me
ssages/module-not-foun
d)
    at <unknown> (./co
mponents/sections/hero
.tsx:6:1)
    at <unknown> (http
s://nextjs.org/docs/me
ssages/module-not-foun
d)
